// Jest Snapshot v1, https://goo.gl/fbAQLP

exports[`renders correctly Layout 1`] = `null`;

exports[`renders correctly RootLayoutNav 1`] = `
<RNCSafeAreaProvider
  onInsetsChange={[Function]}
  style={
    [
      {
        "flex": 1,
      },
      undefined,
    ]
  }
/>
`;
